ENDIAN=BIG,FORMAT=DMCSB1
0000,P4B1,NULL,16 colors palette,,
0001,P4B1,NULL,16 colors palette,,
0002,P4B1,NULL,16 colors palette,,
0003,P4B1,NULL,16 colors palette,,
0004,P4B1,NULL,16 colors palette,,
0005,P4B1,NULL,16 colors palette,,
0006,P4B1,NULL,16 colors palette,,
0007,P4B1,NULL,16 colors palette,,
0008,P4B1,NULL,16 colors palette,,
0009,P4B1,NULL,16 colors palette,,
0010,P4B1,NULL,16 colors palette,,
0011,P4B1,NULL,16 colors palette,,
0012,P4B1,NULL,16 colors palette,,
0013,P4B1,NULL,16 colors palette,,
0014,P4B1,NULL,16 colors palette,,
0015,P4B1,NULL,16 colors palette,,
0016,P4B1,NULL,16 colors palette,,
0017,P4B1,NULL,16 colors palette,,
0018,P4B1,NULL,16 colors palette,,
0019,P4B1,NULL,16 colors palette,,
0020,P4B1,NULL,16 colors palette,,
0021,P4B1,NULL,16 colors palette,,
0022,P4B1,NULL,16 colors palette,,
0023,P4B1,NULL,16 colors palette,,
0024,P4B1,NULL,16 colors palette,,
0025,P4B1,NULL,16 colors palette,,
0026,P4B1,NULL,16 colors palette,,
0027,P4B1,NULL,16 colors palette,,
0028,P4B1,NULL,16 colors palette,,
0029,P4B1,NULL,16 colors palette,,
0030,IMG1,PAL1,Introduction Image 0,,
0031,IMG1,PAL1,Introduction Image 1,,
0032,IMG1,PAL1,Introduction Image 2,,
0033,IMG1,PAL1,Introduction Image 3,,
0034,IMG1,PAL1,Introduction Image 4,,
0035,IMG1,PAL1,Introduction Image 5,,
0036,IMG1,PAL1,Introduction Image 6,,
0037,P4B1,NULL,16 colors palette,,
0038,P4B1,NULL,16 colors palette,,
0039,P4B1,NULL,16 colors palette,,
0040,P4B1,NULL,16 colors palette,,
0041,P4B1,NULL,16 colors palette,,
0042,P4B1,NULL,16 colors palette,,
0043,P4B1,NULL,16 colors palette,,
0044,P4B1,NULL,16 colors palette,,
0045,P4B1,NULL,16 colors palette,,
0046,P4B1,NULL,16 colors palette,,
0047,P4B1,NULL,16 colors palette,,
0048,P4B1,NULL,16 colors palette,,
0049,P4B1,NULL,16 colors palette,,
0050,P4B1,NULL,16 colors palette,,
0051,P4B1,NULL,16 colors palette,,
0052,P4B1,NULL,16 colors palette,,
0053,P4B1,NULL,16 colors palette,,
0054,P4B1,NULL,16 colors palette,,
0055,P4B1,NULL,16 colors palette,,
0056,P4B1,NULL,16 colors palette,,
0057,P4B1,NULL,16 colors palette,,
0058,P4B1,NULL,16 colors palette,,
0059,P4B1,NULL,16 colors palette,,
0060,P4B1,NULL,16 colors palette,,
0061,P4B1,NULL,16 colors palette,,
0062,P4B1,NULL,16 colors palette,,
0063,P4B1,NULL,16 colors palette,,
0064,P4B1,NULL,16 colors palette,,
0065,P4B1,NULL,16 colors palette,,
0066,P4B1,NULL,16 colors palette,,
0067,P4B1,NULL,16 colors palette,,
0068,P4B1,NULL,16 colors palette,,
0069,P4B1,NULL,16 colors palette,,
0070,P4B1,NULL,16 colors palette,,
0071,P4B1,NULL,16 colors palette,,
0072,P4B1,NULL,16 colors palette,,
0073,P4B1,NULL,16 colors palette,,
0074,P4B1,NULL,16 colors palette,,
0075,IMG1,PAL1,Lord Chaos Animation Step 0,,
0076,IMG1,PAL1,Lord Chaos Animation Step 1,,
0077,IMG1,PAL1,Lord Chaos Animation Step 2,,
0078,IMG1,PAL1,Lord Chaos Animation Step 3,,
0079,IMG1,PAL1,Lord Chaos Animation Step 4,,
0080,IMG1,PAL1,Lord Chaos Animation Step 5,,
0081,IMG1,PAL1,Lord Chaos Animation Step 6,,
0082,IMG1,PAL1,Lord Chaos Animation Step 7,,
0083,IMG1,PAL1,Lord Chaos Animation Step 8,,
0084,IMG1,PAL1,Lord Chaos Animation Step 9,,
0085,SND1,SPR1,Explosion Sound,,
0086,SND1,SPR1,Spell Sound,,
